---
source: tests/integration.rs
expression: img
---
{
  "width": 160,
  "height": 90,
  "rle_data": [
    [
      14613,
      255
    ],
    [
      3,
      241
    ],
    [
      3,
      225
    ],
    [
      381,
      255
    ],
    [
      3,
      189
    ],
    [
      9,
      96
    ],
    [
      3,
      102
    ],
    [
      3,
      130
    ],
    [
      3,
      210
    ],
    [
      15,
      255
    ],
    [
      3,
      222
    ],
    [
      3,
      109
    ],
    [
      3,
      64
    ],
    [
      3,
      49
    ],
    [
      3,
      72
    ],
    [
      3,
      121
    ],
    [
      3,
      204
    ],
    [
      6,
      255
    ],
    [
      3,
      189
    ],
    [
      9,
      96
    ],
    [
      3,
      108
    ],
    [
      3,
      141
    ],
    [
      3,
      227
    ],
    [
      9,
      255
    ],
    [
      3,
      132
    ],
    [
      3,
      8
    ],
    [
      36,
      255
    ],
    [
      3,
      230
    ],
    [
      3,
      207
    ],
    [
      12,
      255
    ],
    [
      3,
      230
    ],
    [
      3,
      207
    ],
    [
      321,
      255
    ],
    [
      3,
      148
    ],
    [
      3,
      0
    ],
    [
      3,
      70
    ],
    [
      3,
      84
    ],
    [
      3,
      73
    ],
    [
      3,
      19
    ],
    [
      3,
      3
    ],
    [
      3,
      164
    ],
    [
      9,
      255
    ],
    [
      3,
      190
    ],
    [
      3,
      7
    ],
    [
      3,
      31
    ],
    [
      3,
      114
    ],
    [
      3,
      131
    ],
    [
      3,
      99
    ],
    [
      3,
      31
    ],
    [
      3,
      96
    ],
    [
      6,
      255
    ],
    [
      3,
      148
    ],
    [
      3,
      0
    ],
    [
      3,
      70
    ],
    [
      3,
      84
    ],
    [
      3,
      71
    ],
    [
      3,
      15
    ],
    [
      3,
      8
    ],
    [
      3,
      167
    ],
    [
      6,
      255
    ],
    [
      3,
      132
    ],
    [
      3,
      8
    ],
    [
      36,
      255
    ],
    [
      3,
      128
    ],
    [
      3,
      12
    ],
    [
      12,
      255
    ],
    [
      3,
      128
    ],
    [
      3,
      12
    ],
    [
      321,
      255
    ],
    [
      3,
      148
    ],
    [
      3,
      0
    ],
    [
      3,
      212
    ],
    [
      6,
      255
    ],
    [
      3,
      240
    ],
    [
      3,
      38
    ],
    [
      3,
      17
    ],
    [
      9,
      255
    ],
    [
      3,
      58
    ],
    [
      3,
      29
    ],
    [
      3,
      241
    ],
    [
      9,
      255
    ],
    [
      3,
      254
    ],
    [
      3,
      225
    ],
    [
      6,
      255
    ],
    [
      3,
      148
    ],
    [
      3,
      0
    ],
    [
      3,
      212
    ],
    [
      6,
      255
    ],
    [
      3,
      234
    ],
    [
      3,
      29
    ],
    [
      3,
      20
    ],
    [
      3,
      253
    ],
    [
      3,
      255
    ],
    [
      3,
      132
    ],
    [
      3,
      8
    ],
    [
      36,
      255
    ],
    [
      3,
      128
    ],
    [
      3,
      12
    ],
    [
      12,
      255
    ],
    [
      3,
      128
    ],
    [
      3,
      12
    ],
    [
      321,
      255
    ],
    [
      3,
      148
    ],
    [
      3,
      0
    ],
    [
      3,
      212
    ],
    [
      9,
      255
    ],
    [
      3,
      115
    ],
    [
      3,
      0
    ],
    [
      3,
      226
    ],
    [
      6,
      255
    ],
    [
      3,
      24
    ],
    [
      3,
      76
    ],
    [
      24,
      255
    ],
    [
      3,
      148
    ],
    [
      3,
      0
    ],
    [
      3,
      212
    ],
    [
      9,
      255
    ],
    [
      3,
      112
    ],
    [
      3,
      0
    ],
    [
      3,
      221
    ],
    [
      3,
      255
    ],
    [
      3,
      132
    ],
    [
      3,
      8
    ],
    [
      9,
      255
    ],
    [
      3,
      212
    ],
    [
      3,
      87
    ],
    [
      3,
      34
    ],
    [
      3,
      38
    ],
    [
      3,
      99
    ],
    [
      3,
      226
    ],
    [
      6,
      255
    ],
    [
      3,
      157
    ],
    [
      3,
      40
    ],
    [
      3,
      4
    ],
    [
      6,
      80
    ],
    [
      3,
      91
    ],
    [
      3,
      157
    ],
    [
      3,
      40
    ],
    [
      3,
      4
    ],
    [
      6,
      80
    ],
    [
      3,
      91
    ],
    [
      9,
      255
    ],
    [
      3,
      231
    ],
    [
      3,
      109
    ],
    [
      3,
      43
    ],
    [
      3,
      32
    ],
    [
      3,
      78
    ],
    [
      3,
      203
    ],
    [
      9,
      255
    ],
    [
      3,
      163
    ],
    [
      3,
      94
    ],
    [
      3,
      224
    ],
    [
      3,
      89
    ],
    [
      3,
      35
    ],
    [
      3,
      118
    ],
    [
      3,
      239
    ],
    [
      3,
      117
    ],
    [
      3,
      50
    ],
    [
      3,
      31
    ],
    [
      3,
      50
    ],
    [
      3,
      102
    ],
    [
      3,
      240
    ],
    [
      237,
      255
    ],
    [
      3,
      148
    ],
    [
      3,
      0
    ],
    [
      3,
      212
    ],
    [
      9,
      255
    ],
    [
      3,
      89
    ],
    [
      3,
      2
    ],
    [
      3,
      238
    ],
    [
      6,
      255
    ],
    [
      3,
      63
    ],
    [
      3,
      14
    ],
    [
      3,
      192
    ],
    [
      21,
      255
    ],
    [
      3,
      148
    ],
    [
      3,
      0
    ],
    [
      3,
      212
    ],
    [
      9,
      255
    ],
    [
      3,
      100
    ],
    [
      3,
      0
    ],
    [
      3,
      228
    ],
    [
      3,
      255
    ],
    [
      3,
      132
    ],
    [
      3,
      8
    ],
    [
      6,
      255
    ],
    [
      3,
      210
    ],
    [
      3,
      13
    ],
    [
      3,
      43
    ],
    [
      3,
      148
    ],
    [
      3,
      140
    ],
    [
      3,
      26
    ],
    [
      3,
      25
    ],
    [
      3,
      231
    ],
    [
      3,
      255
    ],
    [
      3,
      193
    ],
    [
      3,
      72
    ],
    [
      3,
      7
    ],
    [
      6,
      144
    ],
    [
      3,
      151
    ],
    [
      3,
      193
    ],
    [
      3,
      72
    ],
    [
      3,
      7
    ],
    [
      6,
      144
    ],
    [
      3,
      151
    ],
    [
      6,
      255
    ],
    [
      3,
      228
    ],
    [
      3,
      28
    ],
    [
      3,
      37
    ],
    [
      3,
      142
    ],
    [
      3,
      157
    ],
    [
      3,
      70
    ],
    [
      3,
      9
    ],
    [
      3,
      201
    ],
    [
      6,
      255
    ],
    [
      3,
      120
    ],
    [
      3,
      13
    ],
    [
      3,
      34
    ],
    [
      3,
      101
    ],
    [
      3,
      148
    ],
    [
      3,
      170
    ],
    [
      3,
      72
    ],
    [
      3,
      29
    ],
    [
      3,
      143
    ],
    [
      3,
      170
    ],
    [
      3,
      146
    ],
    [
      3,
      76
    ],
    [
      3,
      224
    ],
    [
      237,
      255
    ],
    [
      3,
      148
    ],
    [
      3,
      0
    ],
    [
      3,
      179
    ],
    [
      3,
      216
    ],
    [
      3,
      205
    ],
    [
      3,
      135
    ],
    [
      3,
      3
    ],
    [
      3,
      89
    ],
    [
      9,
      255
    ],
    [
      3,
      199
    ],
    [
      3,
      17
    ],
    [
      3,
      0
    ],
    [
      3,
      26
    ],
    [
      3,
      86
    ],
    [
      3,
      154
    ],
    [
      3,
      233
    ],
    [
      9,
      255
    ],
    [
      3,
      148
    ],
    [
      3,
      0
    ],
    [
      3,
      212
    ],
    [
      6,
      255
    ],
    [
      3,
      189
    ],
    [
      3,
      11
    ],
    [
      3,
      40
    ],
    [
      6,
      255
    ],
    [
      3,
      132
    ],
    [
      3,
      8
    ],
    [
      6,
      255
    ],
    [
      3,
      73
    ],
    [
      3,
      20
    ],
    [
      3,
      240
    ],
    [
      6,
      255
    ],
    [
      3,
      218
    ],
    [
      3,
      5
    ],
    [
      3,
      107
    ],
    [
      6,
      255
    ],
    [
      3,
      128
    ],
    [
      3,
      12
    ],
    [
      12,
      255
    ],
    [
      3,
      128
    ],
    [
      3,
      12
    ],
    [
      15,
      255
    ],
    [
      3,
      91
    ],
    [
      3,
      29
    ],
    [
      3,
      241
    ],
    [
      9,
      255
    ],
    [
      3,
      57
    ],
    [
      3,
      68
    ],
    [
      6,
      255
    ],
    [
      3,
      120
    ],
    [
      3,
      0
    ],
    [
      3,
      146
    ],
    [
      6,
      255
    ],
    [
      3,
      251
    ],
    [
      3,
      4
    ],
    [
      3,
      153
    ],
    [
      252,
      255
    ],
    [
      3,
      148
    ],
    [
      15,
      0
    ],
    [
      3,
      91
    ],
    [
      3,
      249
    ],
    [
      12,
      255
    ],
    [
      3,
      234
    ],
    [
      3,
      141
    ],
    [
      3,
      72
    ],
    [
      3,
      18
    ],
    [
      3,
      0
    ],
    [
      3,
      14
    ],
    [
      3,
      172
    ],
    [
      6,
      255
    ],
    [
      3,
      148
    ],
    [
      3,
      0
    ],
    [
      3,
      20
    ],
    [
      3,
      24
    ],
    [
      3,
      12
    ],
    [
      3,
      0
    ],
    [
      3,
      39
    ],
    [
      3,
      204
    ],
    [
      6,
      255
    ],
    [
      3,
      132
    ],
    [
      3,
      8
    ],
    [
      3,
      255
    ],
    [
      3,
      251
    ],
    [
      3,
      8
    ],
    [
      3,
      107
    ],
    [
      12,
      255
    ],
    [
      3,
      73
    ],
    [
      3,
      35
    ],
    [
      6,
      255
    ],
    [
      3,
      128
    ],
    [
      3,
      12
    ],
    [
      12,
      255
    ],
    [
      3,
      128
    ],
    [
      3,
      12
    ],
    [
      12,
      255
    ],
    [
      3,
      253
    ],
    [
      3,
      12
    ],
    [
      3,
      105
    ],
    [
      3,
      240
    ],
    [
      6,
      239
    ],
    [
      3,
      238
    ],
    [
      3,
      127
    ],
    [
      3,
      7
    ],
    [
      3,
      254
    ],
    [
      3,
      255
    ],
    [
      3,
      120
    ],
    [
      3,
      0
    ],
    [
      3,
      244
    ],
    [
      9,
      255
    ],
    [
      3,
      27
    ],
    [
      3,
      54
    ],
    [
      3,
      191
    ],
    [
      3,
      251
    ],
    [
      246,
      255
    ],
    [
      3,
      148
    ],
    [
      3,
      0
    ],
    [
      3,
      179
    ],
    [
      3,
      216
    ],
    [
      3,
      196
    ],
    [
      3,
      80
    ],
    [
      3,
      6
    ],
    [
      3,
      190
    ],
    [
      21,
      255
    ],
    [
      3,
      253
    ],
    [
      3,
      183
    ],
    [
      3,
      25
    ],
    [
      3,
      13
    ],
    [
      3,
      236
    ],
    [
      3,
      255
    ],
    [
      3,
      148
    ],
    [
      3,
      0
    ],
    [
      3,
      126
    ],
    [
      3,
      152
    ],
    [
      3,
      164
    ],
    [
      3,
      196
    ],
    [
      3,
      252
    ],
    [
      9,
      255
    ],
    [
      3,
      132
    ],
    [
      3,
      8
    ],
    [
      3,
      255
    ],
    [
      3,
      233
    ],
    [
      3,
      0
    ],
    [
      3,
      140
    ],
    [
      12,
      255
    ],
    [
      3,
      107
    ],
    [
      3,
      10
    ],
    [
      6,
      255
    ],
    [
      3,
      128
    ],
    [
      3,
      12
    ],
    [
      12,
      255
    ],
    [
      3,
      128
    ],
    [
      3,
      12
    ],
    [
      12,
      255
    ],
    [
      3,
      234
    ],
    [
      24,
      0
    ],
    [
      3,
      242
    ],
    [
      3,
      255
    ],
    [
      3,
      120
    ],
    [
      3,
      17
    ],
    [
      12,
      255
    ],
    [
      3,
      193
    ],
    [
      3,
      38
    ],
    [
      3,
      0
    ],
    [
      3,
      11
    ],
    [
      3,
      78
    ],
    [
      3,
      188
    ],
    [
      240,
      255
    ],
    [
      3,
      148
    ],
    [
      3,
      0
    ],
    [
      3,
      212
    ],
    [
      6,
      255
    ],
    [
      3,
      252
    ],
    [
      3,
      47
    ],
    [
      3,
      33
    ],
    [
      3,
      249
    ],
    [
      24,
      255
    ],
    [
      3,
      147
    ],
    [
      3,
      0
    ],
    [
      3,
      185
    ],
    [
      3,
      255
    ],
    [
      3,
      148
    ],
    [
      3,
      0
    ],
    [
      3,
      212
    ],
    [
      21,
      255
    ],
    [
      3,
      132
    ],
    [
      3,
      8
    ],
    [
      3,
      255
    ],
    [
      3,
      242
    ],
    [
      3,
      0
    ],
    [
      3,
      125
    ],
    [
      12,
      255
    ],
    [
      3,
      92
    ],
    [
      3,
      20
    ],
    [
      6,
      255
    ],
    [
      3,
      128
    ],
    [
      3,
      12
    ],
    [
      12,
      255
    ],
    [
      3,
      128
    ],
    [
      3,
      12
    ],
    [
      12,
      255
    ],
    [
      3,
      242
    ],
    [
      3,
      0
    ],
    [
      3,
      120
    ],
    [
      18,
      240
    ],
    [
      6,
      255
    ],
    [
      3,
      120
    ],
    [
      3,
      20
    ],
    [
      18,
      255
    ],
    [
      3,
      213
    ],
    [
      3,
      145
    ],
    [
      3,
      52
    ],
    [
      3,
      0
    ],
    [
      3,
      188
    ],
    [
      237,
      255
    ],
    [
      3,
      148
    ],
    [
      3,
      0
    ],
    [
      3,
      212
    ],
    [
      9,
      255
    ],
    [
      3,
      186
    ],
    [
      3,
      0
    ],
    [
      3,
      149
    ],
    [
      24,
      255
    ],
    [
      3,
      144
    ],
    [
      3,
      0
    ],
    [
      3,
      186
    ],
    [
      3,
      255
    ],
    [
      3,
      148
    ],
    [
      3,
      0
    ],
    [
      3,
      212
    ],
    [
      21,
      255
    ],
    [
      3,
      132
    ],
    [
      3,
      8
    ],
    [
      6,
      255
    ],
    [
      3,
      35
    ],
    [
      3,
      62
    ],
    [
      9,
      255
    ],
    [
      3,
      252
    ],
    [
      3,
      32
    ],
    [
      3,
      68
    ],
    [
      6,
      255
    ],
    [
      3,
      132
    ],
    [
      3,
      6
    ],
    [
      12,
      255
    ],
    [
      3,
      132
    ],
    [
      3,
      6
    ],
    [
      15,
      255
    ],
    [
      3,
      42
    ],
    [
      3,
      57
    ],
    [
      24,
      255
    ],
    [
      3,
      120
    ],
    [
      3,
      20
    ],
    [
      24,
      255
    ],
    [
      3,
      250
    ],
    [
      3,
      15
    ],
    [
      3,
      114
    ],
    [
      237,
      255
    ],
    [
      3,
      148
    ],
    [
      3,
      0
    ],
    [
      3,
      212
    ],
    [
      12,
      255
    ],
    [
      3,
      57
    ],
    [
      3,
      29
    ],
    [
      3,
      249
    ],
    [
      3,
      255
    ],
    [
      3,
      73
    ],
    [
      3,
      157
    ],
    [
      3,
      232
    ],
    [
      3,
      255
    ],
    [
      3,
      252
    ],
    [
      3,
      186
    ],
    [
      3,
      23
    ],
    [
      3,
      22
    ],
    [
      3,
      245
    ],
    [
      3,
      255
    ],
    [
      3,
      148
    ],
    [
      3,
      0
    ],
    [
      3,
      212
    ],
    [
      21,
      255
    ],
    [
      3,
      132
    ],
    [
      3,
      8
    ],
    [
      6,
      255
    ],
    [
      3,
      143
    ],
    [
      3,
      0
    ],
    [
      3,
      143
    ],
    [
      3,
      253
    ],
    [
      3,
      250
    ],
    [
      3,
      111
    ],
    [
      3,
      0
    ],
    [
      3,
      176
    ],
    [
      6,
      255
    ],
    [
      3,
      166
    ],
    [
      3,
      0
    ],
    [
      3,
      169
    ],
    [
      3,
      230
    ],
    [
      3,
      234
    ],
    [
      3,
      255
    ],
    [
      3,
      166
    ],
    [
      3,
      0
    ],
    [
      3,
      169
    ],
    [
      3,
      230
    ],
    [
      3,
      234
    ],
    [
      6,
      255
    ],
    [
      3,
      167
    ],
    [
      3,
      0
    ],
    [
      3,
      110
    ],
    [
      3,
      242
    ],
    [
      3,
      255
    ],
    [
      3,
      253
    ],
    [
      3,
      203
    ],
    [
      3,
      156
    ],
    [
      6,
      255
    ],
    [
      3,
      120
    ],
    [
      3,
      20
    ],
    [
      9,
      255
    ],
    [
      3,
      235
    ],
    [
      3,
      144
    ],
    [
      3,
      235
    ],
    [
      6,
      255
    ],
    [
      3,
      195
    ],
    [
      3,
      3
    ],
    [
      3,
      150
    ],
    [
      237,
      255
    ],
    [
      3,
      148
    ],
    [
      3,
      0
    ],
    [
      3,
      212
    ],
    [
      12,
      255
    ],
    [
      3,
      184
    ],
    [
      3,
      0
    ],
    [
      3,
      149
    ],
    [
      3,
      255
    ],
    [
      3,
      88
    ],
    [
      3,
      8
    ],
    [
      3,
      0
    ],
    [
      3,
      10
    ],
    [
      3,
      3
    ],
    [
      3,
      0
    ],
    [
      3,
      38
    ],
    [
      3,
      200
    ],
    [
      6,
      255
    ],
    [
      3,
      148
    ],
    [
      3,
      0
    ],
    [
      3,
      212
    ],
    [
      21,
      255
    ],
    [
      3,
      132
    ],
    [
      3,
      8
    ],
    [
      6,
      255
    ],
    [
      3,
      254
    ],
    [
      3,
      108
    ],
    [
      3,
      2
    ],
    [
      3,
      12
    ],
    [
      3,
      8
    ],
    [
      3,
      6
    ],
    [
      3,
      134
    ],
    [
      9,
      255
    ],
    [
      3,
      247
    ],
    [
      3,
      72
    ],
    [
      6,
      0
    ],
    [
      3,
      16
    ],
    [
      3,
      255
    ],
    [
      3,
      247
    ],
    [
      3,
      72
    ],
    [
      6,
      0
    ],
    [
      3,
      16
    ],
    [
      9,
      255
    ],
    [
      3,
      149
    ],
    [
      3,
      14
    ],
    [
      3,
      2
    ],
    [
      3,
      24
    ],
    [
      3,
      5
    ],
    [
      3,
      4
    ],
    [
      3,
      111
    ],
    [
      6,
      255
    ],
    [
      3,
      120
    ],
    [
      3,
      20
    ],
    [
      9,
      255
    ],
    [
      3,
      230
    ],
    [
      3,
      14
    ],
    [
      3,
      0
    ],
    [
      3,
      20
    ],
    [
      3,
      24
    ],
    [
      3,
      2
    ],
    [
      3,
      87
    ],
    [
      3,
      251
    ],
    [
      237,
      255
    ],
    [
      3,
      243
    ],
    [
      3,
      224
    ],
    [
      3,
      251
    ],
    [
      15,
      255
    ],
    [
      3,
      225
    ],
    [
      3,
      234
    ],
    [
      6,
      255
    ],
    [
      3,
      246
    ],
    [
      3,
      200
    ],
    [
      6,
      174
    ],
    [
      3,
      209
    ],
    [
      12,
      255
    ],
    [
      3,
      243
    ],
    [
      3,
      224
    ],
    [
      3,
      251
    ],
    [
      21,
      255
    ],
    [
      3,
      241
    ],
    [
      3,
      225
    ],
    [
      12,
      255
    ],
    [
      3,
      225
    ],
    [
      3,
      174
    ],
    [
      3,
      177
    ],
    [
      3,
      233
    ],
    [
      18,
      255
    ],
    [
      3,
      243
    ],
    [
      6,
      226
    ],
    [
      9,
      255
    ],
    [
      3,
      243
    ],
    [
      6,
      226
    ],
    [
      12,
      255
    ],
    [
      3,
      244
    ],
    [
      3,
      188
    ],
    [
      3,
      170
    ],
    [
      3,
      191
    ],
    [
      3,
      236
    ],
    [
      9,
      255
    ],
    [
      3,
      239
    ],
    [
      3,
      227
    ],
    [
      12,
      255
    ],
    [
      3,
      252
    ],
    [
      3,
      205
    ],
    [
      3,
      176
    ],
    [
      3,
      180
    ],
    [
      3,
      222
    ],
    [
      3168,
      255
    ],
    [
      243,
      0
    ],
    [
      238,
      255
    ],
    [
      2,
      0
    ],
    [
      1,
      255
    ],
    [
      2,
      0
    ],
    [
      1,
      255
    ],
    [
      2,
      0
    ],
    [
      1,
      255
    ],
    [
      2,
      0
    ],
    [
      1,
      255
    ],
    [
      2,
      0
    ],
    [
      1,
      255
    ],
    [
      2,
      0
    ],
    [
      1,
      255
    ],
    [
      2,
      0
    ],
    [
      1,
      255
    ],
    [
      2,
      0
    ],
    [
      1,
      255
    ],
    [
      2,
      0
    ],
    [
      1,
      255
    ],
    [
      2,
      0
    ],
    [
      1,
      255
    ],
    [
      2,
      0
    ],
    [
      1,
      255
    ],
    [
      2,
      0
    ],
    [
      1,
      255
    ],
    [
      2,
      0
    ],
    [
      1,
      255
    ],
    [
      2,
      0
    ],
    [
      1,
      255
    ],
    [
      2,
      0
    ],
    [
      1,
      255
    ],
    [
      2,
      0
    ],
    [
      1,
      255
    ],
    [
      2,
      0
    ],
    [
      1,
      255
    ],
    [
      2,
      0
    ],
    [
      1,
      255
    ],
    [
      2,
      0
    ],
    [
      1,
      255
    ],
    [
      2,
      0
    ],
    [
      1,
      255
    ],
    [
      2,
      0
    ],
    [
      1,
      255
    ],
    [
      2,
      0
    ],
    [
      1,
      255
    ],
    [
      2,
      0
    ],
    [
      1,
      255
    ],
    [
      2,
      0
    ],
    [
      1,
      255
    ],
    [
      2,
      0
    ],
    [
      1,
      255
    ],
    [
      2,
      0
    ],
    [
      1,
      255
    ],
    [
      2,
      0
    ],
    [
      1,
      255
    ],
    [
      2,
      0
    ],
    [
      1,
      255
    ],
    [
      2,
      0
    ],
    [
      1,
      255
    ],
    [
      2,
      0
    ],
    [
      1,
      255
    ],
    [
      2,
      0
    ],
    [
      1,
      255
    ],
    [
      2,
      0
    ],
    [
      1,
      255
    ],
    [
      2,
      0
    ],
    [
      1,
      255
    ],
    [
      2,
      0
    ],
    [
      1,
      255
    ],
    [
      2,
      0
    ],
    [
      1,
      255
    ],
    [
      2,
      0
    ],
    [
      1,
      255
    ],
    [
      2,
      0
    ],
    [
      1,
      255
    ],
    [
      2,
      0
    ],
    [
      1,
      255
    ],
    [
      2,
      0
    ],
    [
      1,
      255
    ],
    [
      2,
      0
    ],
    [
      1,
      255
    ],
    [
      2,
      0
    ],
    [
      1,
      255
    ],
    [
      2,
      0
    ],
    [
      1,
      255
    ],
    [
      2,
      0
    ],
    [
      1,
      255
    ],
    [
      2,
      0
    ],
    [
      1,
      255
    ],
    [
      2,
      0
    ],
    [
      1,
      255
    ],
    [
      2,
      0
    ],
    [
      1,
      255
    ],
    [
      2,
      0
    ],
    [
      1,
      255
    ],
    [
      2,
      0
    ],
    [
      1,
      255
    ],
    [
      2,
      0
    ],
    [
      1,
      255
    ],
    [
      2,
      0
    ],
    [
      1,
      255
    ],
    [
      2,
      0
    ],
    [
      1,
      255
    ],
    [
      2,
      0
    ],
    [
      1,
      255
    ],
    [
      2,
      0
    ],
    [
      1,
      255
    ],
    [
      2,
      0
    ],
    [
      1,
      255
    ],
    [
      2,
      0
    ],
    [
      1,
      255
    ],
    [
      2,
      0
    ],
    [
      1,
      255
    ],
    [
      2,
      0
    ],
    [
      1,
      255
    ],
    [
      2,
      0
    ],
    [
      1,
      255
    ],
    [
      2,
      0
    ],
    [
      1,
      255
    ],
    [
      2,
      0
    ],
    [
      1,
      255
    ],
    [
      2,
      0
    ],
    [
      1,
      255
    ],
    [
      2,
      0
    ],
    [
      1,
      255
    ],
    [
      2,
      0
    ],
    [
      1,
      255
    ],
    [
      2,
      0
    ],
    [
      1,
      255
    ],
    [
      2,
      0
    ],
    [
      1,
      255
    ],
    [
      2,
      0
    ],
    [
      1,
      255
    ],
    [
      2,
      0
    ],
    [
      1,
      255
    ],
    [
      2,
      0
    ],
    [
      1,
      255
    ],
    [
      2,
      0
    ],
    [
      1,
      255
    ],
    [
      2,
      0
    ],
    [
      1,
      255
    ],
    [
      2,
      0
    ],
    [
      1,
      255
    ],
    [
      2,
      0
    ],
    [
      1,
      255
    ],
    [
      2,
      0
    ],
    [
      1,
      255
    ],
    [
      2,
      0
    ],
    [
      1,
      255
    ],
    [
      2,
      0
    ],
    [
      1,
      255
    ],
    [
      2,
      0
    ],
    [
      1,
      255
    ],
    [
      2,
      0
    ],
    [
      1,
      255
    ],
    [
      2,
      0
    ],
    [
      1,
      255
    ],
    [
      2,
      0
    ],
    [
      1,
      255
    ],
    [
      2,
      0
    ],
    [
      1,
      255
    ],
    [
      2,
      0
    ],
    [
      18312,
      255
    ]
  ]
}
